Archive member included because of file (symbol)

c:/program files (x86)/atmel/atmel toolchain/avr8 gcc/native/3.4.1061/avr8-gnu-toolchain/bin/../lib/gcc/avr/4.8.1/../../../../avr/lib/avr5\libm.a(addsf3.o)
                              joystick.o (__addsf3)
c:/program files (x86)/atmel/atmel toolchain/avr8 gcc/native/3.4.1061/avr8-gnu-toolchain/bin/../lib/gcc/avr/4.8.1/../../../../avr/lib/avr5\libm.a(addsf3x.o)
                              c:/program files (x86)/atmel/atmel toolchain/avr8 gcc/native/3.4.1061/avr8-gnu-toolchain/bin/../lib/gcc/avr/4.8.1/../../../../avr/lib/avr5\libm.a(addsf3.o) (__addsf3x)
c:/program files (x86)/atmel/atmel toolchain/avr8 gcc/native/3.4.1061/avr8-gnu-toolchain/bin/../lib/gcc/avr/4.8.1/../../../../avr/lib/avr5\libm.a(atan2.o)
                              joystick.o (atan2)
c:/program files (x86)/atmel/atmel toolchain/avr8 gcc/native/3.4.1061/avr8-gnu-toolchain/bin/../lib/gcc/avr/4.8.1/../../../../avr/lib/avr5\libm.a(atan.o)
                              c:/program files (x86)/atmel/atmel toolchain/avr8 gcc/native/3.4.1061/avr8-gnu-toolchain/bin/../lib/gcc/avr/4.8.1/../../../../avr/lib/avr5\libm.a(atan2.o) (atan)
c:/program files (x86)/atmel/atmel toolchain/avr8 gcc/native/3.4.1061/avr8-gnu-toolchain/bin/../lib/gcc/avr/4.8.1/../../../../avr/lib/avr5\libm.a(cmpsf2.o)
                              joystick.o (__ltsf2)
c:/program files (x86)/atmel/atmel toolchain/avr8 gcc/native/3.4.1061/avr8-gnu-toolchain/bin/../lib/gcc/avr/4.8.1/../../../../avr/lib/avr5\libm.a(divsf3x.o)
                              c:/program files (x86)/atmel/atmel toolchain/avr8 gcc/native/3.4.1061/avr8-gnu-toolchain/bin/../lib/gcc/avr/4.8.1/../../../../avr/lib/avr5\libm.a(atan2.o) (__divsf3_pse)
c:/program files (x86)/atmel/atmel toolchain/avr8 gcc/native/3.4.1061/avr8-gnu-toolchain/bin/../lib/gcc/avr/4.8.1/../../../../avr/lib/avr5\libm.a(fixsfsi.o)
                              joystick.o (__fixsfsi)
c:/program files (x86)/atmel/atmel toolchain/avr8 gcc/native/3.4.1061/avr8-gnu-toolchain/bin/../lib/gcc/avr/4.8.1/../../../../avr/lib/avr5\libm.a(fixunssfsi.o)
                              menu.o (__fixunssfsi)
c:/program files (x86)/atmel/atmel toolchain/avr8 gcc/native/3.4.1061/avr8-gnu-toolchain/bin/../lib/gcc/avr/4.8.1/../../../../avr/lib/avr5\libm.a(floatsisf.o)
                              joystick.o (__floatsisf)
c:/program files (x86)/atmel/atmel toolchain/avr8 gcc/native/3.4.1061/avr8-gnu-toolchain/bin/../lib/gcc/avr/4.8.1/../../../../avr/lib/avr5\libm.a(fp_cmp.o)
                              c:/program files (x86)/atmel/atmel toolchain/avr8 gcc/native/3.4.1061/avr8-gnu-toolchain/bin/../lib/gcc/avr/4.8.1/../../../../avr/lib/avr5\libm.a(cmpsf2.o) (__fp_cmp)
c:/program files (x86)/atmel/atmel toolchain/avr8 gcc/native/3.4.1061/avr8-gnu-toolchain/bin/../lib/gcc/avr/4.8.1/../../../../avr/lib/avr5\libm.a(fp_inf.o)
                              c:/program files (x86)/atmel/atmel toolchain/avr8 gcc/native/3.4.1061/avr8-gnu-toolchain/bin/../lib/gcc/avr/4.8.1/../../../../avr/lib/avr5\libm.a(addsf3x.o) (__fp_inf)
c:/program files (x86)/atmel/atmel toolchain/avr8 gcc/native/3.4.1061/avr8-gnu-toolchain/bin/../lib/gcc/avr/4.8.1/../../../../avr/lib/avr5\libm.a(fp_nan.o)
                              c:/program files (x86)/atmel/atmel toolchain/avr8 gcc/native/3.4.1061/avr8-gnu-toolchain/bin/../lib/gcc/avr/4.8.1/../../../../avr/lib/avr5\libm.a(addsf3x.o) (__fp_nan)
c:/program files (x86)/atmel/atmel toolchain/avr8 gcc/native/3.4.1061/avr8-gnu-toolchain/bin/../lib/gcc/avr/4.8.1/../../../../avr/lib/avr5\libm.a(fp_powser.o)
                              c:/program files (x86)/atmel/atmel toolchain/avr8 gcc/native/3.4.1061/avr8-gnu-toolchain/bin/../lib/gcc/avr/4.8.1/../../../../avr/lib/avr5\libm.a(atan.o) (__fp_powser)
c:/program files (x86)/atmel/atmel toolchain/avr8 gcc/native/3.4.1061/avr8-gnu-toolchain/bin/../lib/gcc/avr/4.8.1/../../../../avr/lib/avr5\libm.a(fp_pscA.o)
                              c:/program files (x86)/atmel/atmel toolchain/avr8 gcc/native/3.4.1061/avr8-gnu-toolchain/bin/../lib/gcc/avr/4.8.1/../../../../avr/lib/avr5\libm.a(addsf3x.o) (__fp_pscA)
c:/program files (x86)/atmel/atmel toolchain/avr8 gcc/native/3.4.1061/avr8-gnu-toolchain/bin/../lib/gcc/avr/4.8.1/../../../../avr/lib/avr5\libm.a(fp_pscB.o)
                              c:/program files (x86)/atmel/atmel toolchain/avr8 gcc/native/3.4.1061/avr8-gnu-toolchain/bin/../lib/gcc/avr/4.8.1/../../../../avr/lib/avr5\libm.a(addsf3x.o) (__fp_pscB)
c:/program files (x86)/atmel/atmel toolchain/avr8 gcc/native/3.4.1061/avr8-gnu-toolchain/bin/../lib/gcc/avr/4.8.1/../../../../avr/lib/avr5\libm.a(fp_round.o)
                              c:/program files (x86)/atmel/atmel toolchain/avr8 gcc/native/3.4.1061/avr8-gnu-toolchain/bin/../lib/gcc/avr/4.8.1/../../../../avr/lib/avr5\libm.a(addsf3.o) (__fp_round)
[...]
Memory Configuration

Name             Origin             Length             Attributes
text             0x00000000         0x00020000         xr
data             0x00800060         0x0000ffa0         rw !x
eeprom           0x00810000         0x00010000         rw !x
fuse             0x00820000         0x00000400         rw !x
lock             0x00830000         0x00000400         rw !x
signature        0x00840000         0x00000400         rw !x
user_signatures  0x00850000         0x00000400         rw !x
*default*        0x00000000         0xffffffff

Linker script and memory map

Address of section .data set to 0x800100
LOAD c:/program files (x86)/atmel/atmel toolchain/avr8 gcc/native/3.4.1061/avr8-gnu-toolchain/bin/../lib/gcc/avr/4.8.1/../../../../avr/lib/avr5/crtm162.o
LOAD adc.o
LOAD buffer.o
LOAD CAN.o
LOAD joystick.o
LOAD Main.o
LOAD MCP2515.o
LOAD memory.o
LOAD menu.o
LOAD oled.o
LOAD slider.o
LOAD snake.o
LOAD SPI.o
LOAD sram.o
LOAD test.o
LOAD UART.o
START GROUP
LOAD c:/program files (x86)/atmel/atmel toolchain/avr8 gcc/native/3.4.1061/avr8-gnu-toolchain/bin/../lib/gcc/avr/4.8.1/../../../../avr/lib/avr5\libm.a
END GROUP
LOAD c:/program files (x86)/atmel/atmel toolchain/avr8 gcc/native/3.4.1061/avr8-gnu-toolchain/bin/../lib/gcc/avr/4.8.1/avr5\libgcc.a
LOAD c:/program files (x86)/atmel/atmel toolchain/avr8 gcc/native/3.4.1061/avr8-gnu-toolchain/bin/../lib/gcc/avr/4.8.1/../../../../avr/lib/avr5\libm.a
START GROUP
LOAD c:/program files (x86)/atmel/atmel toolchain/avr8 gcc/native/3.4.1061/avr8-gnu-toolchain/bin/../lib/gcc/avr/4.8.1/avr5\libgcc.a
LOAD c:/program files (x86)/atmel/atmel toolchain/avr8 gcc/native/3.4.1061/avr8-gnu-toolchain/bin/../lib/gcc/avr/4.8.1/../../../../avr/lib/avr5\libm.a
LOAD c:/program files (x86)/atmel/atmel toolchain/avr8 gcc/native/3.4.1061/avr8-gnu-toolchain/bin/../lib/gcc/avr/4.8.1/../../../../avr/lib/avr5\libc.a
END GROUP

.hash
 *(.hash)

.dynsym
 *(.dynsym)

.dynstr
 *(.dynstr)

.gnu.version
 *(.gnu.version)

.gnu.version_d
 *(.gnu.version_d)

.gnu.version_r
 *(.gnu.version_r)

.rel.init
 *(.rel.init)

.rela.init
 *(.rela.init)

.rel.text
 *(.rel.text)
 *(.rel.text.*)
 *(.rel.gnu.linkonce.t*)

.rela.text
 *(.rela.text)
 *(.rela.text.*)
 *(.rela.gnu.linkonce.t*)

.rel.fini
 *(.rel.fini)

.rela.fini
 *(.rela.fini)

.rel.rodata
 *(.rel.rodata)
 *(.rel.rodata.*)
 *(.rel.gnu.linkonce.r*)

.rela.rodata
 *(.rela.rodata)
 *(.rela.rodata.*)
 *(.rela.gnu.linkonce.r*)

.rel.data
 *(.rel.data)
 *(.rel.data.*)
 *(.rel.gnu.linkonce.d*)

.rela.data
 *(.rela.data)
 *(.rela.data.*)
 *(.rela.gnu.linkonce.d*)

.rel.ctors
 *(.rel.ctors)

.rela.ctors
 *(.rela.ctors)

.rel.dtors
 *(.rel.dtors)

.rela.dtors
 *(.rela.dtors)

.rel.got
 *(.rel.got)

.rela.got
 *(.rela.got)

.rel.bss
 *(.rel.bss)

.rela.bss
 *(.rela.bss)

.rel.plt
 *(.rel.plt)

.rela.plt
 *(.rela.plt)

.text           0x00000000     0x2be8
 *(.vectors)
 .vectors       0x00000000       0x70 c:/program files (x86)/atmel/atmel toolchain/avr8 gcc/native/3.4.1061/avr8-gnu-toolchain/bin/../lib/gcc/avr/4.8.1/../../../../avr/lib/avr5/crtm162.o
                0x00000000                __vector_default
                0x00000000                __vectors
 *(.vectors)
 *(.progmem.gcc*)
 .progmem.gcc_fplib
                0x00000070       0x2d c:/program files (x86)/atmel/atmel toolchain/avr8 gcc/native/3.4.1061/avr8-gnu-toolchain/bin/../lib/gcc/avr/4.8.1/../../../../avr/lib/avr5\libm.a(atan.o)
                0x0000009e                . = ALIGN (0x2)
 *fill*         0x0000009d        0x1 
                0x0000009e                __trampolines_start = .
 *(.trampolines)
 .trampolines   0x0000009e        0x0 linker stubs
 *(.trampolines*)
                0x0000009e                __trampolines_end = .
 *(.progmem*)
 .progmem.data.font4
                0x0000009e      0x17c oled.o
                0x0000009e                font4
 .progmem.data.font5
                0x0000021a      0x1db oled.o
                0x0000021a                font5
 .progmem.data.font8
                0x000003f5      0x2f8 oled.o
                0x000003f5                font8
                0x000006ee                . = ALIGN (0x2)
 *fill*         0x000006ed        0x1 
 *(.jumptables)
 *(.jumptables*)
 *(.lowtext)
 *(.lowtext*)
                0x000006ee                __ctors_start = .
 *(.ctors)
                0x000006ee                __ctors_end = .
                0x000006ee                __dtors_start = .
 *(.dtors)
                0x000006ee                __dtors_end = .
 SORT(*)(.ctors)
 SORT(*)(.dtors)
 *(.init0)
 .init0         0x000006ee        0x0 c:/program files (x86)/atmel/atmel toolchain/avr8 gcc/native/3.4.1061/avr8-gnu-toolchain/bin/../lib/gcc/avr/4.8.1/../../../../avr/lib/avr5/crtm162.o
                0x000006ee                __init
 *(.init0)
 *(.init1)
 *(.init1)
 *(.init2)
 .init2         0x000006ee        0xc c:/program files (x86)/atmel/atmel toolchain/avr8 gcc/native/3.4.1061/avr8-gnu-toolchain/bin/../lib/gcc/avr/4.8.1/../../../../avr/lib/avr5/crtm162.o
 *(.init2)
 *(.init3)
 *(.init3)
 *(.init4)
 .init4         0x000006fa       0x16 c:/program files (x86)/atmel/atmel toolchain/avr8 gcc/native/3.4.1061/avr8-gnu-toolchain/bin/../lib/gcc/avr/4.8.1/avr5\libgcc.a(_copy_data.o)
                0x000006fa                __do_copy_data
 .init4         0x00000710       0x10 c:/program files (x86)/atmel/atmel toolchain/avr8 gcc/native/3.4.1061/avr8-gnu-toolchain/bin/../lib/gcc/avr/4.8.1/avr5\libgcc.a(_clear_bss.o)
                0x00000710                __do_clear_bss
 *(.init4)
 *(.init5)
 *(.init5)
 *(.init6)
 *(.init6)
 *(.init7)
 *(.init7)
 *(.init8)
 *(.init8)
 *(.init9)
 .init9         0x00000720        0x8 c:/program files (x86)/atmel/atmel toolchain/avr8 gcc/native/3.4.1061/avr8-gnu-toolchain/bin/../lib/gcc/avr/4.8.1/../../../../avr/lib/avr5/crtm162.o
 *(.init9)
 *(.text)
 .text          0x00000728        0x4 c:/program files (x86)/atmel/atmel toolchain/avr8 gcc/native/3.4.1061/avr8-gnu-toolchain/bin/../lib/gcc/avr/4.8.1/../../../../avr/lib/avr5/crtm162.o
                0x00000728                __vector_22
                0x00000728                __vector_1
                0x00000728                __vector_24
                0x00000728                __vector_12
                0x00000728                __bad_interrupt
                0x00000728                __vector_6
                0x00000728                __vector_3
                0x00000728                __vector_23
                0x00000728                __vector_25
                0x00000728                __vector_11
                0x00000728                __vector_13
                0x00000728                __vector_19
                0x00000728                __vector_7
                0x00000728                __vector_27
                0x00000728                __vector_5
                0x00000728                __vector_4
                0x00000728                __vector_9
                0x00000728                __vector_2
                0x00000728                __vector_21
                0x00000728                __vector_15
                0x00000728                __vector_8
                0x00000728                __vector_26
                0x00000728                __vector_14
                0x00000728                __vector_10
                0x00000728                __vector_16
                0x00000728                __vector_18
                0x00000728                __vector_20
                0x0000072c                . = ALIGN (0x2)
 *(.text.*)
 .text.ADC_init
                0x0000072c        0x4 adc.o
                0x0000072c                ADC_init
 .text.ADC_read
                0x00000730        0xe adc.o
                0x00000730                ADC_read
 .text.oled_update_buffer
                0x0000073e       0x34 buffer.o
                0x0000073e                oled_update_buffer
 .text.oled_buffer_init
                0x00000772       0x34 buffer.o
                0x00000772                oled_buffer_init
 .text.oled_buffer_display
                0x000007a6       0x66 buffer.o
                0x000007a6                oled_buffer_display
 .text.oled_buffer_rectangle
                0x0000080c       0xe6 buffer.o
                0x0000080c                oled_buffer_rectangle
 .text.CAN_init
                0x000008f2       0x14 CAN.o
                0x000008f2                CAN_init
 .text.CAN_send
                0x00000906       0xb4 CAN.o
                0x00000906                CAN_send
 .text.CAN_recieve
                0x000009ba      0x102 CAN.o
                0x000009ba                CAN_recieve
 .text.CAN_package
                0x00000abc       0x6a CAN.o
                0x00000abc                CAN_package
 .text.joystick_init
                0x00000b26        0x4 joystick.o
                0x00000b26                joystick_init
 .text.joystick_button
                0x00000b2a        0xe joystick.o
                0x00000b2a                joystick_button
 .text.joystick_find_center
                0x00000b38       0x16 joystick.o
                0x00000b38                joystick_find_center
 .text.joystick_find_position
                0x00000b4e       0x32 joystick.o
                0x00000b4e                joystick_find_position
 .text.joystick_print_position
                0x00000b80       0x42 joystick.o
                0x00000b80                joystick_print_position
 .text.joystick_find_degree
                0x00000bc2       0xac joystick.o
                0x00000bc2                joystick_find_degree
 .text.joystick_find_direction
                0x00000c6e       0x58 joystick.o
                0x00000c6e                joystick_find_direction
 .text.main     0x00000cc6      0x10a Main.o
                0x00000cc6                main
 .text.mcp2515_read
                0x00000dd0       0x24 MCP2515.o
                0x00000dd0                mcp2515_read
 .text.mcp2515_write
                0x00000df4       0x28 MCP2515.o
                0x00000df4                mcp2515_write
 .text.mcp2515_reset
                0x00000e1c       0x10 MCP2515.o
                0x00000e1c                mcp2515_reset
 .text.mcp2515_request_to_send
                0x00000e2c       0x1a MCP2515.o
                0x00000e2c                mcp2515_request_to_send
 .text.mcp2515_bit_modify
                0x00000e46       0x34 MCP2515.o
                0x00000e46                mcp2515_bit_modify
 .text.memory_init
                0x00000e7a        0xe memory.o
                0x00000e7a                memory_init
 .text.menu_replay_yes
                0x00000e88       0x20 menu.o
                0x00000e88                menu_replay_yes
 .text.menu_help
                0x00000ea8       0x3e menu.o
                0x00000ea8                menu_help
 .text.menu_create
                0x00000ee6       0x4a menu.o
                0x00000ee6                menu_create
 .text.menu_display
                0x00000f30       0xea menu.o
                0x00000f30                menu_display
 .text.menu_init
                0x0000101a      0x17c menu.o
                0x0000101a                menu_init
 .text.menu_replay_no
                0x00001196       0x32 menu.o
                0x00001196                menu_replay_no
 .text.menu_difficulty
                0x000011c8       0x22 menu.o
                0x000011c8                menu_difficulty
 .text.menu_difficulty_easy
                0x000011ea       0x12 menu.o
                0x000011ea                menu_difficulty_easy
 .text.menu_difficulty_medium
                0x000011fc       0x14 menu.o
                0x000011fc                menu_difficulty_medium
 .text.menu_difficulty_insane
                0x00001210       0x14 menu.o
                0x00001210                menu_difficulty_insane
 .text.menu_move
                0x00001224      0x124 menu.o
                0x00001224                menu_move
 .text.menu_get_current_menu
                0x00001348        0xa menu.o
                0x00001348                menu_get_current_menu
 .text.menu_get_difficulty
                0x00001352        0x6 menu.o
                0x00001352                menu_get_difficulty
 .text.menu_timer_init
                0x00001358       0x2a menu.o
                0x00001358                menu_timer_init
 .text.menu_play_pong
                0x00001382      0x190 menu.o
                0x00001382                menu_play_pong
 .text.__vector_17
                0x00001512       0x70 menu.o
                0x00001512                __vector_17
 .text.menu_get_main
                0x00001582        0xa menu.o
                0x00001582                menu_get_main
 .text.oled_write_d
                0x0000158c        0x6 oled.o
                0x0000158c                oled_write_d
 .text.oled_init
                0x00001592       0x5c oled.o
                0x00001592                oled_init
 .text.oled_goto_page
                0x000015ee        0xe oled.o
                0x000015ee                oled_goto_page
 .text.oled_goto_column
                0x000015fc       0x18 oled.o
                0x000015fc                oled_goto_column
 .text.oled_clear_page
                0x00001614       0x1c oled.o
                0x00001614                oled_clear_page
 .text.oled_reset
                0x00001630       0x20 oled.o
                0x00001630                oled_reset
 .text.oled_print
                0x00001650       0xd4 oled.o
                0x00001650                oled_print
 .text.oled_printf
                0x00001724       0x20 oled.o
                0x00001724                oled_printf
 .text.slider_left_button
                0x00001744        0x8 slider.o
                0x00001744                slider_left_button
 .text.slider_right_button
                0x0000174c        0x6 slider.o
                0x0000174c                slider_right_button
 .text.slider_find_position
                0x00001752       0x18 slider.o
                0x00001752                slider_find_position
 .text.snake_setup
                0x0000176a       0x64 snake.o
                0x0000176a                snake_setup
 .text.snake_logic
                0x000017ce      0x15c snake.o
                0x000017ce                snake_logic
 .text.snake_input
                0x0000192a       0x64 snake.o
                0x0000192a                snake_input
 .text.snake_draw_pixel
                0x0000198e       0x18 snake.o
                0x0000198e                snake_draw_pixel
 .text.snake_draw
                0x000019a6      0x11c snake.o
                0x000019a6                snake_draw
 .text.snake_play_snake
                0x00001ac2       0x62 snake.o
                0x00001ac2                snake_play_snake
 .text.SPI_MasterInit
                0x00001b24       0x10 SPI.o
                0x00001b24                SPI_MasterInit
 .text.SPI_MasterTransmit
                0x00001b34        0x8 SPI.o
                0x00001b34                SPI_MasterTransmit
 .text.SPI_MasterRecieve
                0x00001b3c        0xa SPI.o
                0x00001b3c                SPI_MasterRecieve
 .text.SPI_slave_on
                0x00001b46        0x4 SPI.o
                0x00001b46                SPI_slave_on
 .text.SPI_slave_off
                0x00001b4a        0x4 SPI.o
                0x00001b4a                SPI_slave_off
 .text.SRAM_test
                0x00001b4e       0x96 sram.o
                0x00001b4e                SRAM_test
 .text.uart_send
                0x00001be4        0x8 UART.o
                0x00001be4                uart_send
 .text.uart_init
                0x00001bec       0x1c UART.o
                0x00001bec                uart_init
 .text.avr-libc.fplib
                0x00001c08        0xa c:/program files (x86)/atmel/atmel toolchain/avr8 gcc/native/3.4.1061/avr8-gnu-toolchain/bin/../lib/gcc/avr/4.8.1/../../../../avr/lib/avr5\libm.a(addsf3.o)
                0x00001c08                __subsf3
                0x00001c0a                __addsf3
 .text.avr-libc.fplib
                0x00001c12       0xc0 c:/program files (x86)/atmel/atmel toolchain/avr8 gcc/native/3.4.1061/avr8-gnu-toolchain/bin/../lib/gcc/avr/4.8.1/../../../../avr/lib/avr5\libm.a(addsf3x.o)
                0x00001c2c                __addsf3x
 .text.avr-libc.fplib
                0x00001cd2       0x74 c:/program files (x86)/atmel/atmel toolchain/avr8 gcc/native/3.4.1061/avr8-gnu-toolchain/bin/../lib/gcc/avr/4.8.1/../../../../avr/lib/avr5\libm.a(atan2.o)
                0x00001cf0                atan2
 .text.avr-libc.fplib
                0x00001d46       0x50 c:/program files (x86)/atmel/atmel toolchain/avr8 gcc/native/3.4.1061/avr8-gnu-toolchain/bin/../lib/gcc/avr/4.8.1/../../../../avr/lib/avr5\libm.a(atan.o)
                0x00001d46                atan
 .text.avr-libc.fplib
                0x00001d96        0x8 c:/program files (x86)/atmel/atmel toolchain/avr8 gcc/native/3.4.1061/avr8-gnu-toolchain/bin/../lib/gcc/avr/4.8.1/../../../../avr/lib/avr5\libm.a(cmpsf2.o)
                0x00001d96                __nesf2
                0x00001d96                __eqsf2
                0x00001d96                __cmpsf2
                0x00001d96                __ltsf2
                0x00001d96                __lesf2
 .text.avr-libc.fplib
                0x00001d9e       0xcc c:/program files (x86)/atmel/atmel toolchain/avr8 gcc/native/3.4.1061/avr8-gnu-toolchain/bin/../lib/gcc/avr/4.8.1/../../../../avr/lib/avr5\libm.a(divsf3x.o)
                0x00001db4                __divsf3x
                0x00001db8                __divsf3_pse
 .text.avr-libc.fplib
                0x00001e6a        0xa c:/program files (x86)/atmel/atmel toolchain/avr8 gcc/native/3.4.1061/avr8-gnu-toolchain/bin/../lib/gcc/avr/4.8.1/../../../../avr/lib/avr5\libm.a(fixsfsi.o)
                0x00001e6a                __fixsfsi
 .text.avr-libc.fplib
                0x00001e74       0x58 c:/program files (x86)/atmel/atmel toolchain/avr8 gcc/native/3.4.1061/avr8-gnu-toolchain/bin/../lib/gcc/avr/4.8.1/../../../../avr/lib/avr5\libm.a(fixunssfsi.o)
                0x00001e74                __fixunssfsi
 .text.avr-libc.fplib
                0x00001ecc       0x7a c:/program files (x86)/atmel/atmel toolchain/avr8 gcc/native/3.4.1061/avr8-gnu-toolchain/bin/../lib/gcc/avr/4.8.1/../../../../avr/lib/avr5\libm.a(floatsisf.o)
                0x00001ecc                __floatunsisf
                0x00001ed0                __floatsisf
 .text.avr-libc.fplib
                0x00001f46       0x48 c:/program files (x86)/atmel/atmel toolchain/avr8 gcc/native/3.4.1061/avr8-gnu-toolchain/bin/../lib/gcc/avr/4.8.1/../../../../avr/lib/avr5\libm.a(fp_cmp.o)
                0x00001f46                __fp_cmp
 .text.avr-libc.fplib
                0x00001f8e        0xc c:/program files (x86)/atmel/atmel toolchain/avr8 gcc/native/3.4.1061/avr8-gnu-toolchain/bin/../lib/gcc/avr/4.8.1/../../../../avr/lib/avr5\libm.a(fp_inf.o)
                0x00001f8e                __fp_inf
 .text.avr-libc.fplib
                0x00001f9a        0x6 c:/program files (x86)/atmel/atmel toolchain/avr8 gcc/native/3.4.1061/avr8-gnu-toolchain/bin/../lib/gcc/avr/4.8.1/../../../../avr/lib/avr5\libm.a(fp_nan.o)
                0x00001f9a                __fp_nan
 .text.avr-libc.fplib
                0x00001fa0       0x4a c:/program files (x86)/atmel/atmel toolchain/avr8 gcc/native/3.4.1061/avr8-gnu-toolchain/bin/../lib/gcc/avr/4.8.1/../../../../avr/lib/avr5\libm.a(fp_powser.o)
                0x00001fa0                __fp_powser
 .text.avr-libc.fplib
                0x00001fea        0xe c:/program files (x86)/atmel/atmel toolchain/avr8 gcc/native/3.4.1061/avr8-gnu-toolchain/bin/../lib/gcc/avr/4.8.1/../../../../avr/lib/avr5\libm.a(fp_pscA.o)
                0x00001fea                __fp_pscA
 .text.avr-libc.fplib
                0x00001ff8        0xe c:/program files (x86)/atmel/atmel toolchain/avr8 gcc/native/3.4.1061/avr8-gnu-toolchain/bin/../lib/gcc/avr/4.8.1/../../../../avr/lib/avr5\libm.a(fp_pscB.o)
                0x00001ff8                __fp_pscB
 .text.avr-libc.fplib
                0x00002006       0x22 c:/program files (x86)/atmel/atmel toolchain/avr8 gcc/native/3.4.1061/avr8-gnu-toolchain/bin/../lib/gcc/avr/4.8.1/../../../../avr/lib/avr5\libm.a(fp_round.o)
                0x00002006                __fp_round
 .text.avr-libc.fplib
                0x00002028       0x44 c:/program files (x86)/atmel/atmel toolchain/avr8 gcc/native/3.4.1061/avr8-gnu-toolchain/bin/../lib/gcc/avr/4.8.1/../../../../avr/lib/avr5\libm.a(fp_split3.o)
                0x00002028                __fp_split3
                0x00002038                __fp_splitA
 .text.avr-libc.fplib
                0x0000206c        0xe c:/program files (x86)/atmel/atmel toolchain/avr8 gcc/native/3.4.1061/avr8-gnu-toolchain/bin/../lib/gcc/avr/4.8.1/../../../../avr/lib/avr5\libm.a(fp_zero.o)
                0x0000206c                __fp_zero
                0x0000206e                __fp_szero
 .text.avr-libc.fplib
                0x0000207a        0xe c:/program files (x86)/atmel/atmel toolchain/avr8 gcc/native/3.4.1061/avr8-gnu-toolchain/bin/../lib/gcc/avr/4.8.1/../../../../avr/lib/avr5\libm.a(inverse.o)
                0x0000207a                inverse
 .text.avr-libc.fplib
                0x00002088        0x4 c:/program files (x86)/atmel/atmel toolchain/avr8 gcc/native/3.4.1061/avr8-gnu-toolchain/bin/../lib/gcc/avr/4.8.1/../../../../avr/lib/avr5\libm.a(mulsf3.o)
                0x00002088                __mulsf3
 .text.avr-libc.fplib
                0x0000208c       0xc2 c:/program files (x86)/atmel/atmel toolchain/avr8 gcc/native/3.4.1061/avr8-gnu-toolchain/bin/../lib/gcc/avr/4.8.1/../../../../avr/lib/avr5\libm.a(mulsf3x.o)
                0x000020a0                __mulsf3x
                0x000020a4                __mulsf3_pse
 .text.avr-libc.fplib
                0x0000214e        0x6 c:/program files (x86)/atmel/atmel toolchain/avr8 gcc/native/3.4.1061/avr8-gnu-toolchain/bin/../lib/gcc/avr/4.8.1/../../../../avr/lib/avr5\libm.a(square.o)
                0x0000214e                square
 .text.avr-libc.fplib
                0x00002154        0x4 c:/program files (x86)/atmel/atmel toolchain/avr8 gcc/native/3.4.1061/avr8-gnu-toolchain/bin/../lib/gcc/avr/4.8.1/../../../../avr/lib/avr5\libm.a(divsf3.o)
                0x00002154                __divsf3
 .text.avr-libc
                0x00002158      0x24e c:/program files (x86)/atmel/atmel toolchain/avr8 gcc/native/3.4.1061/avr8-gnu-toolchain/bin/../lib/gcc/avr/4.8.1/../../../../avr/lib/avr5\libc.a(malloc.o)
                0x00002158                malloc
                0x00002288                free
 .text.avr-libc
                0x000023a6       0xbc c:/program files (x86)/atmel/atmel toolchain/avr8 gcc/native/3.4.1061/avr8-gnu-toolchain/bin/../lib/gcc/avr/4.8.1/../../../../avr/lib/avr5\libc.a(rand.o)
                0x0000243c                rand_r
                0x00002442                rand
                0x0000244c                srand
 .text.avr-libc
                0x00002462       0x96 c:/program files (x86)/atmel/atmel toolchain/avr8 gcc/native/3.4.1061/avr8-gnu-toolchain/bin/../lib/gcc/avr/4.8.1/../../../../avr/lib/avr5\libc.a(fdevopen.o)
                0x00002462                fdevopen
 .text.avr-libc
                0x000024f8       0x28 c:/program files (x86)/atmel/atmel toolchain/avr8 gcc/native/3.4.1061/avr8-gnu-toolchain/bin/../lib/gcc/avr/4.8.1/../../../../avr/lib/avr5\libc.a(printf.o)
                0x000024f8                printf
 .text.avr-libc
                0x00002520       0x5a c:/program files (x86)/atmel/atmel toolchain/avr8 gcc/native/3.4.1061/avr8-gnu-toolchain/bin/../lib/gcc/avr/4.8.1/../../../../avr/lib/avr5\libc.a(puts.o)
                0x00002520                puts
 .text.avr-libc
                0x0000257a      0x3a4 c:/program files (x86)/atmel/atmel toolchain/avr8 gcc/native/3.4.1061/avr8-gnu-toolchain/bin/../lib/gcc/avr/4.8.1/../../../../avr/lib/avr5\libc.a(vfprintf_std.o)
                0x0000257a                vfprintf
 .text.avr-libc
                0x0000291e       0x38 c:/program files (x86)/atmel/atmel toolchain/avr8 gcc/native/3.4.1061/avr8-gnu-toolchain/bin/../lib/gcc/avr/4.8.1/../../../../avr/lib/avr5\libc.a(calloc.o)
                0x0000291e                calloc
 .text.avr-libc
                0x00002956       0x16 c:/program files (x86)/atmel/atmel toolchain/avr8 gcc/native/3.4.1061/avr8-gnu-toolchain/bin/../lib/gcc/avr/4.8.1/../../../../avr/lib/avr5\libc.a(strnlen_P.o)
                0x00002956                strnlen_P
 .text.avr-libc
                0x0000296c        0xe c:/program files (x86)/atmel/atmel toolchain/avr8 gcc/native/3.4.1061/avr8-gnu-toolchain/bin/../lib/gcc/avr/4.8.1/../../../../avr/lib/avr5\libc.a(memset.o)
                0x0000296c                memset
 .text.avr-libc
                0x0000297a       0x16 c:/program files (x86)/atmel/atmel toolchain/avr8 gcc/native/3.4.1061/avr8-gnu-toolchain/bin/../lib/gcc/avr/4.8.1/../../../../avr/lib/avr5\libc.a(strnlen.o)
                0x0000297a                strnlen
 .text.avr-libc
                0x00002990       0x64 c:/program files (x86)/atmel/atmel toolchain/avr8 gcc/native/3.4.1061/avr8-gnu-toolchain/bin/../lib/gcc/avr/4.8.1/../../../../avr/lib/avr5\libc.a(fputc.o)
                0x00002990                fputc
 .text.avr-libc
                0x000029f4       0xbc c:/program files (x86)/atmel/atmel toolchain/avr8 gcc/native/3.4.1061/avr8-gnu-toolchain/bin/../lib/gcc/avr/4.8.1/../../../../avr/lib/avr5\libc.a(ultoa_invert.o)
                0x000029f4                __ultoa_invert
 .text.libgcc.div
                0x00002ab0       0x2e c:/program files (x86)/atmel/atmel toolchain/avr8 gcc/native/3.4.1061/avr8-gnu-toolchain/bin/../lib/gcc/avr/4.8.1/avr5\libgcc.a(_divmodsi4.o)
                0x00002ab0                __divmodsi4
 .text.libgcc.div
                0x00002ade       0x10 c:/program files (x86)/atmel/atmel toolchain/avr8 gcc/native/3.4.1061/avr8-gnu-toolchain/bin/../lib/gcc/avr/4.8.1/avr5\libgcc.a(_negsi2.o)
                0x00002ade                __negsi2
 .text.libgcc.mul
                0x00002aee       0x16 c:/program files (x86)/atmel/atmel toolchain/avr8 gcc/native/3.4.1061/avr8-gnu-toolchain/bin/../lib/gcc/avr/4.8.1/avr5\libgcc.a(_muluhisi3.o)
                0x00002aee                __muluhisi3
 .text.libgcc.mul
                0x00002b04       0x10 c:/program files (x86)/atmel/atmel toolchain/avr8 gcc/native/3.4.1061/avr8-gnu-toolchain/bin/../lib/gcc/avr/4.8.1/avr5\libgcc.a(_mulshisi3.o)
                0x00002b04                __mulshisi3
                0x00002b0a                __mulohisi3
 .text.libgcc.prologue
                0x00002b14       0x38 c:/program files (x86)/atmel/atmel toolchain/avr8 gcc/native/3.4.1061/avr8-gnu-toolchain/bin/../lib/gcc/avr/4.8.1/avr5\libgcc.a(_prologue.o)
                0x00002b14                __prologue_saves__
 .text.libgcc.prologue
                0x00002b4c       0x36 c:/program files (x86)/atmel/atmel toolchain/avr8 gcc/native/3.4.1061/avr8-gnu-toolchain/bin/../lib/gcc/avr/4.8.1/avr5\libgcc.a(_epilogue.o)
                0x00002b4c                __epilogue_restores__
 .text.libgcc.div
                0x00002b82       0x44 c:/program files (x86)/atmel/atmel toolchain/avr8 gcc/native/3.4.1061/avr8-gnu-toolchain/bin/../lib/gcc/avr/4.8.1/avr5\libgcc.a(_udivmodsi4.o)
                0x00002b82                __udivmodsi4
 .text.libgcc.mul
                0x00002bc6       0x1e c:/program files (x86)/atmel/atmel toolchain/avr8 gcc/native/3.4.1061/avr8-gnu-toolchain/bin/../lib/gcc/avr/4.8.1/avr5\libgcc.a(_umulhisi3.o)
                0x00002bc6                __umulhisi3
                0x00002be4                . = ALIGN (0x2)
 *(.fini9)
 .fini9         0x00002be4        0x0 c:/program files (x86)/atmel/atmel toolchain/avr8 gcc/native/3.4.1061/avr8-gnu-toolchain/bin/../lib/gcc/avr/4.8.1/avr5\libgcc.a(_exit.o)
                0x00002be4                _exit
                0x00002be4                exit
 *(.fini9)
 *(.fini8)
 *(.fini8)
 *(.fini7)
 *(.fini7)
 *(.fini6)
 *(.fini6)
 *(.fini5)
 *(.fini5)
 *(.fini4)
 *(.fini4)
 *(.fini3)
 *(.fini3)
 *(.fini2)
 *(.fini2)
 *(.fini1)
 *(.fini1)
 *(.fini0)
 .fini0         0x00002be4        0x4 c:/program files (x86)/atmel/atmel toolchain/avr8 gcc/native/3.4.1061/avr8-gnu-toolchain/bin/../lib/gcc/avr/4.8.1/avr5\libgcc.a(_exit.o)
 *(.fini0)
                0x00002be8                _etext = .

.data           0x00800100      0x212 load address 0x00002be8
                0x00800100                PROVIDE (__data_start, .)
 *(.data)
 .data          0x00800100        0x6 c:/program files (x86)/atmel/atmel toolchain/avr8 gcc/native/3.4.1061/avr8-gnu-toolchain/bin/../lib/gcc/avr/4.8.1/../../../../avr/lib/avr5\libc.a(malloc.o)
                0x00800100                __malloc_heap_end
                0x00800102                __malloc_heap_start
                0x00800104                __malloc_margin
 .data          0x00800106        0x4 c:/program files (x86)/atmel/atmel toolchain/avr8 gcc/native/3.4.1061/avr8-gnu-toolchain/bin/../lib/gcc/avr/4.8.1/../../../../avr/lib/avr5\libc.a(rand.o)
 *(.data*)
 .data.font_width
                0x0080010a        0x1 oled.o
 .data.oled_stdout
                0x0080010b        0xe oled.o
 *(.rodata)
 *(.rodata*)
 .rodata.str1.1
                0x00800119       0x20 joystick.o
 .rodata.str1.1
                0x00800139        0xb Main.o
 .rodata.str1.1
                0x00800144       0xfd menu.o
                                0x10c (size before relaxing)
 .rodata.str1.1
                0x00800241       0x65 snake.o
 .rodata.str1.1
                0x008002a6       0x6c sram.o
 *(.gnu.linkonce.d*)
                0x00800312                . = ALIGN (0x2)
                0x00800312                _edata = .
                0x00800312                PROVIDE (__data_end, .)

.bss            0x00800312       0x84
                0x00800312                PROVIDE (__bss_start, .)
 *(.bss)
 *(.bss*)
 .bss.y_center  0x00800312        0x1 joystick.o
 .bss.x_center  0x00800313        0x1 joystick.o
 .bss.score     0x00800314        0x4 menu.o
                0x00800314                score
 .bss.difficulty
                0x00800318        0x1 menu.o
                0x00800318                difficulty
 .bss.page      0x00800319        0x1 oled.o
 .bss.column    0x0080031a        0x1 oled.o
 .bss.diff      0x0080031b        0x1 snake.o
                0x0080031b                diff
 *(COMMON)
 COMMON         0x0080031c        0x4 menu.o
                0x0080031c                current_menu
                0x0080031e                main_menu
 COMMON         0x00800320       0x6c snake.o
                0x00800320                x
                0x00800321                fruitY
                0x00800322                gameOver
                0x00800323                last_direction
                0x00800324                tailY
                0x00800356                y
                0x00800357                dir
                0x00800358                nTail
                0x00800359                tailX
                0x0080038b                fruitX
 COMMON         0x0080038c        0x4 c:/program files (x86)/atmel/atmel toolchain/avr8 gcc/native/3.4.1061/avr8-gnu-toolchain/bin/../lib/gcc/avr/4.8.1/../../../../avr/lib/avr5\libc.a(malloc.o)
                0x0080038c                __brkval
                0x0080038e                __flp
 COMMON         0x00800390        0x6 c:/program files (x86)/atmel/atmel toolchain/avr8 gcc/native/3.4.1061/avr8-gnu-toolchain/bin/../lib/gcc/avr/4.8.1/../../../../avr/lib/avr5\libc.a(iob.o)
                0x00800390                __iob
                0x00800396                PROVIDE (__bss_end, .)
                0x00002be8                __data_load_start = LOADADDR (.data)
                0x00002dfa                __data_load_end = (__data_load_start + SIZEOF (.data))

.noinit         0x00800396        0x0
                0x00800396                PROVIDE (__noinit_start, .)
 *(.noinit*)
                0x00800396                PROVIDE (__noinit_end, .)
                0x00800396                _end = .
                0x00800396                PROVIDE (__heap_start, .)

.eeprom         0x00810000        0x0
 *(.eeprom*)
                0x00810000                __eeprom_end = .

.fuse
 *(.fuse)
 *(.lfuse)
 *(.hfuse)
 *(.efuse)

.lock
 *(.lock*)

.signature
 *(.signature*)

.user_signatures
 *(.user_signatures*)

.stab
 *(.stab)

.stabstr
 *(.stabstr)

.stab.excl
 *(.stab.excl)

.stab.exclstr
 *(.stab.exclstr)

.stab.index
 *(.stab.index)

.stab.indexstr
 *(.stab.indexstr)

.comment        0x00000000       0x5c
 *(.comment)
 .comment       0x00000000       0x30 adc.o
                                 0x31 (size before relaxing)
 .comment       0x00000000       0x31 buffer.o
 .comment       0x00000000       0x31 CAN.o
 .comment       0x00000000       0x31 joystick.o
 .comment       0x00000000       0x31 Main.o
 .comment       0x00000000       0x31 MCP2515.o
 .comment       0x00000000       0x31 memory.o
 .comment       0x00000000       0x31 menu.o
 .comment       0x00000000       0x31 oled.o
 .comment       0x00000000       0x31 slider.o
 .comment       0x00000000       0x31 snake.o
 .comment       0x00000000       0x31 SPI.o
 .comment       0x00000000       0x31 sram.o
 .comment       0x00000000       0x31 UART.o
 .comment       0x00000000       0x31 c:/program files (x86)/atmel/atmel toolchain/avr8 gcc/native/3.4.1061/avr8-gnu-toolchain/bin/../lib/gcc/avr/4.8.1/../../../../avr/lib/avr5\libc.a(malloc.o)
 .comment       0x00000000       0x31 c:/program files (x86)/atmel/atmel toolchain/avr8 gcc/native/3.4.1061/avr8-gnu-toolchain/bin/../lib/gcc/avr/4.8.1/../../../../avr/lib/avr5\libc.a(rand.o)
 .comment       0x00000000       0x31 c:/program files (x86)/atmel/atmel toolchain/avr8 gcc/native/3.4.1061/avr8-gnu-toolchain/bin/../lib/gcc/avr/4.8.1/../../../../avr/lib/avr5\libc.a(fdevopen.o)
 .comment       0x00000000       0x31 c:/program files (x86)/atmel/atmel toolchain/avr8 gcc/native/3.4.1061/avr8-gnu-toolchain/bin/../lib/gcc/avr/4.8.1/../../../../avr/lib/avr5\libc.a(iob.o)
 .comment       0x00000000       0x31 c:/program files (x86)/atmel/atmel toolchain/avr8 gcc/native/3.4.1061/avr8-gnu-toolchain/bin/../lib/gcc/avr/4.8.1/../../../../avr/lib/avr5\libc.a(printf.o)
 .comment       0x00000000       0x31 c:/program files (x86)/atmel/atmel toolchain/avr8 gcc/native/3.4.1061/avr8-gnu-toolchain/bin/../lib/gcc/avr/4.8.1/../../../../avr/lib/avr5\libc.a(puts.o)
 .comment       0x00000030       0x2c c:/program files (x86)/atmel/atmel toolchain/avr8 gcc/native/3.4.1061/avr8-gnu-toolchain/bin/../lib/gcc/avr/4.8.1/../../../../avr/lib/avr5\libc.a(vfprintf_std.o)
                                 0x2d (size before relaxing)
 .comment       0x00000000       0x31 c:/program files (x86)/atmel/atmel toolchain/avr8 gcc/native/3.4.1061/avr8-gnu-toolchain/bin/../lib/gcc/avr/4.8.1/../../../../avr/lib/avr5\libc.a(calloc.o)
 .comment       0x00000000       0x31 c:/program files (x86)/atmel/atmel toolchain/avr8 gcc/native/3.4.1061/avr8-gnu-toolchain/bin/../lib/gcc/avr/4.8.1/../../../../avr/lib/avr5\libc.a(fputc.o)

.note.gnu.build-id
 *(.note.gnu.build-id)

.debug
 *(.debug)

.line
 *(.line)

.debug_srcinfo
 *(.debug_srcinfo)

.debug_sfnames
 *(.debug_sfnames)

.debug_aranges  0x00000000      0x3d0
 *(.debug_aranges)
 .debug_aranges
                0x00000000       0x28 adc.o
 .debug_aranges
                0x00000028       0x38 buffer.o
 .debug_aranges
                0x00000060       0x50 CAN.o
 .debug_aranges
                0x000000b0       0x50 joystick.o
 .debug_aranges
                0x00000100       0x20 Main.o
 .debug_aranges
                0x00000120       0x50 MCP2515.o
 .debug_aranges
                0x00000170       0x20 memory.o
 .debug_aranges
                0x00000190       0xb8 menu.o
 .debug_aranges
                0x00000248       0x68 oled.o
 .debug_aranges
                0x000002b0       0x38 slider.o
 .debug_aranges
                0x000002e8       0x48 snake.o
 .debug_aranges
                0x00000330       0x48 SPI.o
 .debug_aranges
                0x00000378       0x20 sram.o
 .debug_aranges
                0x00000398       0x38 UART.o

.debug_pubnames
 *(.debug_pubnames)

.debug_info     0x00000000     0x3a6d
 *(.debug_info .gnu.linkonce.wi.*)
 .debug_info    0x00000000       0xd8 adc.o
 .debug_info    0x000000d8      0x2e1 buffer.o
 .debug_info    0x000003b9      0x785 CAN.o
 .debug_info    0x00000b3e      0x33e joystick.o
 .debug_info    0x00000e7c      0x546 Main.o
 .debug_info    0x000013c2      0x3f7 MCP2515.o
 .debug_info    0x000017b9       0x82 memory.o
 .debug_info    0x0000183b      0xbd0 menu.o
 .debug_info    0x0000240b      0x821 oled.o
 .debug_info    0x00002c2c      0x176 slider.o
 .debug_info    0x00002da2      0x6ab snake.o
 .debug_info    0x0000344d      0x13f SPI.o
 .debug_info    0x0000358c      0x24f sram.o
 .debug_info    0x000037db      0x292 UART.o

.debug_abbrev   0x00000000     0x16ab
 *(.debug_abbrev)
 .debug_abbrev  0x00000000       0x90 adc.o
 .debug_abbrev  0x00000090      0x14e buffer.o
 .debug_abbrev  0x000001de      0x215 CAN.o
 .debug_abbrev  0x000003f3      0x1bd joystick.o
 .debug_abbrev  0x000005b0      0x213 Main.o
 .debug_abbrev  0x000007c3      0x170 MCP2515.o
 .debug_abbrev  0x00000933       0x4f memory.o
 .debug_abbrev  0x00000982      0x3af menu.o
 .debug_abbrev  0x00000d31      0x249 oled.o
 .debug_abbrev  0x00000f7a      0x106 slider.o
 .debug_abbrev  0x00001080      0x289 snake.o
 .debug_abbrev  0x00001309       0xce SPI.o
 .debug_abbrev  0x000013d7      0x150 sram.o
 .debug_abbrev  0x00001527      0x184 UART.o

.debug_line     0x00000000     0x15ce
 *(.debug_line .debug_line.* .debug_line_end)
 .debug_line    0x00000000       0xc9 adc.o
 .debug_line    0x000000c9      0x121 buffer.o
 .debug_line    0x000001ea      0x1bf CAN.o
 .debug_line    0x000003a9      0x16b joystick.o
 .debug_line    0x00000514      0x1cc Main.o
 .debug_line    0x000006e0      0x13e MCP2515.o
 .debug_line    0x0000081e       0xab memory.o
 .debug_line    0x000008c9      0x3d0 menu.o
 .debug_line    0x00000c99      0x231 oled.o
 .debug_line    0x00000eca       0xf4 slider.o
 .debug_line    0x00000fbe      0x2b0 snake.o
 .debug_line    0x0000126e      0x10d SPI.o
 .debug_line    0x0000137b       0xdf sram.o
 .debug_line    0x0000145a      0x174 UART.o

.debug_frame    0x00000000      0xa7c
 *(.debug_frame)
 .debug_frame   0x00000000       0x34 adc.o
 .debug_frame   0x00000034       0xdc buffer.o
 .debug_frame   0x00000110      0x19c CAN.o
 .debug_frame   0x000002ac       0xe8 joystick.o
 .debug_frame   0x00000394       0x34 Main.o
 .debug_frame   0x000003c8       0xb8 MCP2515.o
 .debug_frame   0x00000480       0x24 memory.o
 .debug_frame   0x000004a4      0x278 menu.o
 .debug_frame   0x0000071c       0xdc oled.o
 .debug_frame   0x000007f8       0x5c slider.o
 .debug_frame   0x00000854       0xf8 snake.o
 .debug_frame   0x0000094c       0x74 SPI.o
 .debug_frame   0x000009c0       0x58 sram.o
 .debug_frame   0x00000a18       0x64 UART.o

.debug_str      0x00000000      0xabb
 *(.debug_str)
 .debug_str     0x00000000      0x16b adc.o
                                0x19f (size before relaxing)
 .debug_str     0x0000016b      0x100 buffer.o
                                0x219 (size before relaxing)
 .debug_str     0x0000026b      0x1f0 CAN.o
                                0x3b0 (size before relaxing)
 .debug_str     0x0000045b       0xb4 joystick.o
                                0x28c (size before relaxing)
 .debug_str     0x0000050f      0x16a Main.o
                                0x35e (size before relaxing)
 .debug_str     0x00000679       0x8f MCP2515.o
                                0x264 (size before relaxing)
 .debug_str     0x00000708        0xe memory.o
                                0x167 (size before relaxing)
 .debug_str     0x00000716      0x135 menu.o
                                0x4a6 (size before relaxing)
 .debug_str     0x0000084b       0xf5 oled.o
                                0x2c6 (size before relaxing)
 .debug_str     0x00000940       0x1a slider.o
                                0x1fc (size before relaxing)
 .debug_str     0x0000095a       0xaf snake.o
                                0x376 (size before relaxing)
 .debug_str     0x00000a09       0x1b SPI.o
                                0x1c5 (size before relaxing)
 .debug_str     0x00000a24       0x5a sram.o
                                0x1ea (size before relaxing)
 .debug_str     0x00000a7e       0x3d UART.o
                                0x1f3 (size before relaxing)

.debug_loc      0x00000000     0x2012
 *(.debug_loc)
 .debug_loc     0x00000000       0x20 adc.o
 .debug_loc     0x00000020      0x3d2 buffer.o
 .debug_loc     0x000003f2      0x71f CAN.o
 .debug_loc     0x00000b11      0x2af joystick.o
 .debug_loc     0x00000dc0       0x8f Main.o
 .debug_loc     0x00000e4f      0x257 MCP2515.o
 .debug_loc     0x000010a6      0x5fc menu.o
 .debug_loc     0x000016a2      0x23d oled.o
 .debug_loc     0x000018df       0x78 slider.o
 .debug_loc     0x00001957      0x481 snake.o
 .debug_loc     0x00001dd8      0x1da sram.o
 .debug_loc     0x00001fb2       0x60 UART.o

.debug_macinfo
 *(.debug_macinfo)

.debug_weaknames
 *(.debug_weaknames)

.debug_funcnames
 *(.debug_funcnames)

.debug_typenames
 *(.debug_typenames)

.debug_varnames
 *(.debug_varnames)

.debug_pubtypes
 *(.debug_pubtypes)

.debug_ranges   0x00000000      0x370
 *(.debug_ranges)
 .debug_ranges  0x00000000       0x18 adc.o
 .debug_ranges  0x00000018       0x58 buffer.o
 .debug_ranges  0x00000070       0x40 CAN.o
 .debug_ranges  0x000000b0       0x40 joystick.o
 .debug_ranges  0x000000f0       0x10 Main.o
 .debug_ranges  0x00000100       0x40 MCP2515.o
 .debug_ranges  0x00000140       0x10 memory.o
 .debug_ranges  0x00000150       0xa8 menu.o
 .debug_ranges  0x000001f8       0x70 oled.o
 .debug_ranges  0x00000268       0x28 slider.o
 .debug_ranges  0x00000290       0x70 snake.o
 .debug_ranges  0x00000300       0x38 SPI.o
 .debug_ranges  0x00000338       0x10 sram.o
 .debug_ranges  0x00000348       0x28 UART.o

.debug_macro
 *(.debug_macro)
OUTPUT(Main.elf elf32-avr)
LOAD linker stubs
